
> planthesia@0.1.0 build
> next build

node.exe : [baseline-browser-mapping] The data in this module is over two months old.  To 
ensure accurate Baseline data, please update: `npm i baseline-browser-mapping@latest -D`
At line:1 char:1
+ & "C:\Program Files\nodejs/node.exe" "C:\Program Files\nodejs/node_mo ...
+ ~~~~~~~~~~~~~~~~~~~~~~~~~~~~~~~~~~~~~~~~~~~~~~~~~~~~~~~~~~~~~~~~~~~~~
    + CategoryInfo          : NotSpecified: ([baseline-brows...ping@latest -D`:String) [], 
    RemoteException
    + FullyQualifiedErrorId : NativeCommandError
 
   ▲ Next.js 16.0.8 (Turbopack)
   - Environments: .env.local

   Creating an optimized production build ...
[baseline-browser-mapping] The data in this module is over two months old.  To ensure 
accurate Baseline data, please update: `npm i baseline-browser-mapping@latest -D`
 ✓ Compiled successfully in 9.4s
   Skipping validation of types
   Collecting page data using 15 workers ...
[baseline-browser-mapping] The data in this module is over two months old.  To ensure 
accurate Baseline data, please update: `npm i baseline-browser-mapping@latest -D`
[baseline-browser-mapping] The data in this module is over two months old.  To ensure 
accurate Baseline data, please update: `npm i baseline-browser-mapping@latest -D`
[baseline-browser-mapping] The data in this module is over two months old.  To ensure 
accurate Baseline data, please update: `npm i baseline-browser-mapping@latest -D`
[baseline-browser-mapping] The data in this module is over two months old.  To ensure 
accurate Baseline data, please update: `npm i baseline-browser-mapping@latest -D`
[baseline-browser-mapping] The data in this module is over two months old.  To ensure 
accurate Baseline data, please update: `npm i baseline-browser-mapping@latest -D`
[baseline-browser-mapping] The data in this module is over two months old.  To ensure 
accurate Baseline data, please update: `npm i baseline-browser-mapping@latest -D`
[baseline-browser-mapping] The data in this module is over two months old.  To ensure 
accurate Baseline data, please update: `npm i baseline-browser-mapping@latest -D`
[baseline-browser-mapping] The data in this module is over two months old.  To ensure 
accurate Baseline data, please update: `npm i baseline-browser-mapping@latest -D`
[baseline-browser-mapping] The data in this module is over two months old.  To ensure 
accurate Baseline data, please update: `npm i baseline-browser-mapping@latest -D`
[baseline-browser-mapping] The data in this module is over two months old.  To ensure 
accurate Baseline data, please update: `npm i baseline-browser-mapping@latest -D`
   Generating static pages using 15 workers (0/10) ...
[baseline-browser-mapping] The data in this module is over two months old.  To ensure 
accurate Baseline data, please update: `npm i baseline-browser-mapping@latest -D`
Error occurred prerendering page "/_not-found". Read more: 
https://nextjs.org/docs/messages/prerender-error
Error [FirebaseError]: Firebase: Error (auth/invalid-api-key).
    at p (C:\Users\patil\OneDrive\Desktop\planthesia\Planthesia\.next\server\chunks\ssr\[ro
ot-of-the-server]__d5ed25bb._.js:1:33427)
    at q (C:\Users\patil\OneDrive\Desktop\planthesia\Planthesia\.next\server\chunks\ssr\[ro
ot-of-the-server]__d5ed25bb._.js:1:33475)
    at aa.instanceFactory (C:\Users\patil\OneDrive\Desktop\planthesia\Planthesia\.next\serv
er\chunks\ssr\[root-of-the-server]__d5ed25bb._.js:1:85136)
    at ac.getOrInitializeService (C:\Users\patil\OneDrive\Desktop\planthesia\Planthesia\.ne
xt\server\chunks\ssr\[root-of-the-server]__d5ed25bb._.js:1:13417)
    at ac.initialize (C:\Users\patil\OneDrive\Desktop\planthesia\Planthesia\.next\server\ch
unks\ssr\[root-of-the-server]__d5ed25bb._.js:1:12825)
    at aJ (C:\Users\patil\OneDrive\Desktop\planthesia\Planthesia\.next\server\chunks\ssr\[r
oot-of-the-server]__d5ed25bb._.js:1:71428)
    at bt (C:\Users\patil\OneDrive\Desktop\planthesia\Planthesia\.next\server\chunks\ssr\[r
oot-of-the-server]__d5ed25bb._.js:1:85868)
    at module evaluation (C:\Users\patil\OneDrive\Desktop\planthesia\Planthesia\.next\serve
r\chunks\ssr\[root-of-the-server]__d5ed25bb._.js:14:67506)
    at instantiateModule (C:\Users\patil\OneDrive\Desktop\planthesia\Planthesia\.next\serve
r\chunks\ssr\[turbopack]_runtime.js:715:9)
    at getOrInstantiateModuleFromParent (C:\Users\patil\OneDrive\Desktop\planthesia\Planthe
sia\.next\server\chunks\ssr\[turbopack]_runtime.js:738:12) {
  code: 'auth/invalid-api-key',
  customData: [Object],
  digest: '1755415140'
}
Export encountered an error on /_not-found/page: /_not-found, exiting the build.
 ⨯ Next.js build worker exited with code: 1 and signal: null
